stm32g4xx_it.c:102:6:NMI_Handler	4	static
stm32g4xx_it.c:117:6:HardFault_Handler	4	static
stm32g4xx_it.c:132:6:MemManage_Handler	4	static
stm32g4xx_it.c:147:6:BusFault_Handler	4	static
stm32g4xx_it.c:162:6:UsageFault_Handler	4	static
stm32g4xx_it.c:177:6:SVC_Handler	4	static
stm32g4xx_it.c:190:6:DebugMon_Handler	4	static
stm32g4xx_it.c:203:6:PendSV_Handler	4	static
stm32g4xx_it.c:216:6:SysTick_Handler	4	static
stm32g4xx_it.c:237:6:TIM1_UP_TIM16_IRQHandler	8	static
stm32g4xx_it.c:251:6:USART2_IRQHandler	8	static
